-bash: nim: command not found
